done arena/b289_results/s_d3_id_cur
done arena/b289_results/s_d3_id_b20
done arena/b289_results/s_d3_id_b40
done arena/b289_results/s_d3_id_b60
done arena/b289_results/s_d3_rev_cur
done arena/b289_results/s_d3_rev_b20
done arena/b289_results/s_d3_rev_b40
done arena/b289_results/s_d3_rev_b60
done arena/b289_results/s_d3_h1_cur
done arena/b289_results/s_d3_h1_b20
done arena/b289_results/s_d3_h1_b40
done arena/b289_results/s_d3_h1_b60
done arena/b289_results/s_d3_rot1_cur
done arena/b289_results/s_d3_rot1_b20
done arena/b289_results/s_d3_rot1_b40
done arena/b289_results/s_d3_rot1_b60
done arena/b289_results/s_d5_id_cur
done arena/b289_results/s_d5_id_b20
done arena/b289_results/s_d5_id_b40
done arena/b289_results/s_d5_id_b60
done arena/b289_results/s_d5_rev_cur
done arena/b289_results/s_d5_rev_b20
done arena/b289_results/s_d5_rev_b40
done arena/b289_results/s_d5_rev_b60
done arena/b289_results/s_d5_h1_cur
done arena/b289_results/s_d5_h1_b20
done arena/b289_results/s_d5_h1_b40
done arena/b289_results/s_d5_h1_b60
done arena/b289_results/s_d5_rot1_cur
done arena/b289_results/s_d5_rot1_b20
done arena/b289_results/s_d5_rot1_b40
done arena/b289_results/s_d5_rot1_b60
